<html>
<body>
<pre>
<h1>µVision Build Log</h1>
<h2>Project:</h2>
C:\Pulpit_2021\MTM_2020\S_IV\PPSW_W\Lab\Current\StobbaJan_lab_proj_WiP.uvproj
Project File Date:  05/31/2022

<h2>Output:</h2>
Rebuild target 'Target 1'
assembling Startup.s...
compiling main.c...
main.c(66): warning:  #223-D: function "ReadButton1" declared implicitly
main.c(66): error:  #137: expression must be a modifiable lvalue
main.c(68): error:  #70: incomplete type is not allowed
main.c(72): error:  #20: identifier "PRESSED" is undefined
main.c(59): error:  #235: variable "eBt1State" was declared with a never-completed type
".\StobbaJan_lab_proj_WiP.axf" - 4 Errors, 1 Warning(s).
Target not created
Rebuild target 'Target 1'
assembling Startup.s...
compiling main.c...
main.c(66): warning:  #223-D: function "ReadButton1" declared implicitly
main.c(66): error:  #137: expression must be a modifiable lvalue
main.c(68): error:  #70: incomplete type is not allowed
main.c(72): error:  #20: identifier "PRESSED" is undefined
main.c(59): error:  #235: variable "eBt1State" was declared with a never-completed type
".\StobbaJan_lab_proj_WiP.axf" - 4 Errors, 1 Warning(s).
Target not created
Rebuild target 'Target 1'
assembling Startup.s...
compiling main.c...
linking...
Program Size: Code=1188 RO-data=16 RW-data=0 ZI-data=1256  
FromELF: creating hex file...
".\StobbaJan_lab_proj_WiP.axf" - 0 Errors, 0 Warning(s).
Rebuild target 'Target 1'
assembling Startup.s...
compiling main.c...
linking...
Program Size: Code=1188 RO-data=16 RW-data=0 ZI-data=1256  
FromELF: creating hex file...
".\StobbaJan_lab_proj_WiP.axf" - 0 Errors, 0 Warning(s).
Rebuild target 'Target 1'
assembling Startup.s...
compiling main.c...
linking...
Program Size: Code=1188 RO-data=16 RW-data=0 ZI-data=1256  
FromELF: creating hex file...
".\StobbaJan_lab_proj_WiP.axf" - 0 Errors, 0 Warning(s).
Clean started: Project: 'StobbaJan_lab_proj_WiP'
   deleting intermediate output files for target 'Target 1'
