<html>
<body>
<pre>
<h1>µVision Build Log</h1>
<h2>Project:</h2>
C:\Pulpit_2021\MTM_2020\S_IV\PPSW_W\Lab\Current\StobbaJan_lab_proj_WiP.uvproj
Project File Date:  05/31/2022

<h2>Output:</h2>
Rebuild target 'Target 1'
assembling Startup.s...
compiling main.c...
linking...
Program Size: Code=1312 RO-data=32 RW-data=4 ZI-data=1260  
FromELF: creating hex file...
".\StobbaJan_lab_proj_WiP.axf" - 0 Errors, 0 Warning(s).
Rebuild target 'Target 1'
assembling Startup.s...
compiling main.c...
linking...
Program Size: Code=1312 RO-data=32 RW-data=4 ZI-data=1260  
FromELF: creating hex file...
".\StobbaJan_lab_proj_WiP.axf" - 0 Errors, 0 Warning(s).
Rebuild target 'Target 1'
assembling Startup.s...
compiling main.c...
linking...
Program Size: Code=1316 RO-data=32 RW-data=4 ZI-data=1260  
FromELF: creating hex file...
".\StobbaJan_lab_proj_WiP.axf" - 0 Errors, 0 Warning(s).
Rebuild target 'Target 1'
assembling Startup.s...
compiling main.c...
linking...
Program Size: Code=1316 RO-data=32 RW-data=4 ZI-data=1260  
FromELF: creating hex file...
".\StobbaJan_lab_proj_WiP.axf" - 0 Errors, 0 Warning(s).
Rebuild target 'Target 1'
assembling Startup.s...
compiling main.c...
linking...
Program Size: Code=1316 RO-data=32 RW-data=4 ZI-data=1260  
FromELF: creating hex file...
".\StobbaJan_lab_proj_WiP.axf" - 0 Errors, 0 Warning(s).
Rebuild target 'Target 1'
assembling Startup.s...
compiling main.c...
main.c(86): error:  #65: expected a ";"
main.c(112): warning:  #12-D: parsing restarts here after previous syntax error
".\StobbaJan_lab_proj_WiP.axf" - 1 Errors, 1 Warning(s).
Target not created
Rebuild target 'Target 1'
assembling Startup.s...
compiling main.c...
linking...
Program Size: Code=1324 RO-data=32 RW-data=4 ZI-data=1260  
FromELF: creating hex file...
".\StobbaJan_lab_proj_WiP.axf" - 0 Errors, 0 Warning(s).
Rebuild target 'Target 1'
assembling Startup.s...
compiling main.c...
linking...
Program Size: Code=1332 RO-data=32 RW-data=4 ZI-data=1260  
FromELF: creating hex file...
".\StobbaJan_lab_proj_WiP.axf" - 0 Errors, 0 Warning(s).
Rebuild target 'Target 1'
assembling Startup.s...
compiling main.c...
linking...
Program Size: Code=1332 RO-data=32 RW-data=4 ZI-data=1260  
FromELF: creating hex file...
".\StobbaJan_lab_proj_WiP.axf" - 0 Errors, 0 Warning(s).
Clean started: Project: 'StobbaJan_lab_proj_WiP'
   deleting intermediate output files for target 'Target 1'
