<html>
<body>
<pre>
<h1>µVision Build Log</h1>
<h2>Project:</h2>
C:\Pulpit_2021\MTM_2020\S_IV\PPSW_W\Lab\Current\StobbaJan_lab_proj_WiP.uvproj
Project File Date:  05/31/2022

<h2>Output:</h2>
Rebuild target 'Target 1'
assembling Startup.s...
compiling main.c...
main.c(54): error:  #65: expected a ";"
main.c(70): warning:  #12-D: parsing restarts here after previous syntax error
".\StobbaJan_lab_proj_WiP.axf" - 1 Errors, 1 Warning(s).
Target not created
Build target 'Target 1'
compiling main.c...
linking...
Program Size: Code=1004 RO-data=16 RW-data=0 ZI-data=1256  
FromELF: creating hex file...
".\StobbaJan_lab_proj_WiP.axf" - 0 Errors, 0 Warning(s).
Rebuild target 'Target 1'
assembling Startup.s...
compiling main.c...
linking...
Program Size: Code=1004 RO-data=16 RW-data=0 ZI-data=1256  
FromELF: creating hex file...
".\StobbaJan_lab_proj_WiP.axf" - 0 Errors, 0 Warning(s).
Rebuild target 'Target 1'
assembling Startup.s...
compiling main.c...
main.c(67): error:  #65: expected a ";"
".\StobbaJan_lab_proj_WiP.axf" - 1 Errors, 0 Warning(s).
Target not created
Rebuild target 'Target 1'
assembling Startup.s...
compiling main.c...
linking...
Program Size: Code=1016 RO-data=16 RW-data=0 ZI-data=1256  
FromELF: creating hex file...
".\StobbaJan_lab_proj_WiP.axf" - 0 Errors, 0 Warning(s).
Rebuild target 'Target 1'
assembling Startup.s...
compiling main.c...
main.c(53): error:  #268: declaration may not appear after executable statement in block
".\StobbaJan_lab_proj_WiP.axf" - 1 Errors, 0 Warning(s).
Target not created
Rebuild target 'Target 1'
assembling Startup.s...
compiling main.c...
linking...
Program Size: Code=1020 RO-data=16 RW-data=0 ZI-data=1256  
FromELF: creating hex file...
".\StobbaJan_lab_proj_WiP.axf" - 0 Errors, 0 Warning(s).
Rebuild target 'Target 1'
assembling Startup.s...
compiling main.c...
linking...
Program Size: Code=1004 RO-data=16 RW-data=0 ZI-data=1256  
FromELF: creating hex file...
".\StobbaJan_lab_proj_WiP.axf" - 0 Errors, 0 Warning(s).
Rebuild target 'Target 1'
assembling Startup.s...
compiling main.c...
linking...
Program Size: Code=1004 RO-data=16 RW-data=0 ZI-data=1256  
FromELF: creating hex file...
".\StobbaJan_lab_proj_WiP.axf" - 0 Errors, 0 Warning(s).
Rebuild target 'Target 1'
assembling Startup.s...
compiling main.c...
linking...
Program Size: Code=1004 RO-data=16 RW-data=0 ZI-data=1256  
FromELF: creating hex file...
".\StobbaJan_lab_proj_WiP.axf" - 0 Errors, 0 Warning(s).
Rebuild target 'Target 1'
assembling Startup.s...
compiling main.c...
linking...
Program Size: Code=1060 RO-data=32 RW-data=4 ZI-data=1260  
FromELF: creating hex file...
".\StobbaJan_lab_proj_WiP.axf" - 0 Errors, 0 Warning(s).
Rebuild target 'Target 1'
assembling Startup.s...
compiling main.c...
linking...
Program Size: Code=1052 RO-data=32 RW-data=4 ZI-data=1260  
FromELF: creating hex file...
".\StobbaJan_lab_proj_WiP.axf" - 0 Errors, 0 Warning(s).
Clean started: Project: 'StobbaJan_lab_proj_WiP'
   deleting intermediate output files for target 'Target 1'
